src/packets/packet.c:10:17:calc_timestamp	24	static
src/packets/packet.c:26:12:calc_offset	72	static
src/packets/packet.c:41:12:has_offset	24	static
src/packets/packet.c:53:17:block_timestamp	24	static
src/packets/packet.c:60:6:pkt_hdr_init	32	static
src/packets/packet.c:80:6:blk_hdr_init	24	static
src/packets/packet.c:86:8:blk_body_len	24	static
src/packets/packet.c:124:10:pkt_init	32	static
src/packets/packet.c:136:10:block_body	24	static
src/packets/packet.c:147:10:pkt_create_blk	40	static
src/packets/packet.c:175:6:alt_blk_init	24	static
src/packets/packet.c:182:6:temp_blk_init	24	static
src/packets/packet.c:189:6:pres_blk_init	24	static
src/packets/packet.c:198:6:accel_blk_init	32	static
src/packets/packet.c:210:6:coord_blk_init	32	static
src/packets/packet.c:222:6:ang_vel_blk_init	32	static
src/packets/packet.c:235:6:mag_blk_init	32	static
src/packets/packet.c:247:6:volt_blk_init	24	static
src/packets/packet.c:257:6:status_blk_init	24	static
src/packets/packet.c:265:6:error_blk_init	24	static
